# A Modoc Tale

This is the introduction to the  found below the title and before the Table of Contents.

