## Introduction

This is the contents of the Introduction chapter.

### Subsection A

This is Introduction, Subsection A.

### Subsection B

This is Introduction, Subsection B.

### Subsection C

This is Introduction, Subsection C.

## Chapter One

This is the contents of Chapter One.

### Subsection A

This is Chapter 1, Subsection A.

### Subsection B

This is Chapter 1, Subsection B.

### Subsection C

This is Chapter 1, Subsection C.

## Chapter Two

This is the contents of Chapter Two.

### Subsection A

This is Chapter 2, Subsection A.

### Subsection B

This is Chapter 2, Subsection B.

### Subsection C

This is Chapter 2, Subsection C.

